../Core/Src/main.c:115:11:complexABS	16	static
../Core/Src/main.c:140:6:Real_FFT	72	static
../Core/Src/main.c:194:6:ADC_ComputeFFT	32	static
../Core/Src/main.c:232:6:HAL_ADC_ConvCpltCallback	24	static
../Core/Src/main.c:261:5:main	8	static
../Core/Src/main.c:315:6:SystemClock_Config	120	static
../Core/Src/main.c:380:13:MX_ADC1_Init	48	static
../Core/Src/main.c:448:13:MX_ETH_Init	8	static
../Core/Src/main.c:497:13:MX_USART3_UART_Init	8	static
../Core/Src/main.c:545:13:MX_USB_OTG_FS_PCD_Init	8	static
../Core/Src/main.c:579:13:MX_DMA_Init	16	static
../Core/Src/main.c:597:13:MX_GPIO_Init	56	static
../Core/Src/main.c:673:6:Error_Handler	4	static,ignoring_inline_asm
